// Jest Snapshot v1, https://goo.gl/fbAQLP

exports[`parse ./index.js.flow 1`] = `
Object {
  "declarationsByName": Object {
    "forceType": Array [
      Object {
        "kind": "FunctionDeclaration",
        "leadingComments": Array [],
        "loc": SourceLocation {
          "end": Position {
            "column": 1,
            "line": 3,
          },
          "filename": "test-cases/any-type/index.js.flow",
          "start": Position {
            "column": 15,
            "line": 2,
          },
        },
        "localName": "forceType",
        "params": Array [
          Object {
            "name": "value",
            "optional": false,
            "type": Object {
              "kind": "AnyType",
              "loc": SourceLocation {
                "end": Position {
                  "column": 44,
                  "line": 2,
                },
                "filename": "test-cases/any-type/index.js.flow",
                "start": Position {
                  "column": 41,
                  "line": 2,
                },
              },
            },
          },
          Object {
            "name": "type",
            "optional": false,
            "type": Object {
              "kind": "StringType",
              "loc": SourceLocation {
                "end": Position {
                  "column": 58,
                  "line": 2,
                },
                "filename": "test-cases/any-type/index.js.flow",
                "start": Position {
                  "column": 52,
                  "line": 2,
                },
              },
            },
          },
        ],
        "restParam": undefined,
        "returnType": Object {
          "kind": "VoidType",
          "loc": SourceLocation {
            "end": Position {
              "column": 65,
              "line": 2,
            },
            "filename": "test-cases/any-type/index.js.flow",
            "start": Position {
              "column": 61,
              "line": 2,
            },
          },
        },
        "typeParameters": Array [],
      },
    ],
  },
  "exportStatements": Array [
    Object {
      "kind": "DefaultExportStatement",
      "localName": "forceType",
    },
  ],
}
`;

exports[`print ./index.d.ts 1`] = `
"declare function forceType(value: any, type: string): void;
export default forceType;"
`;

exports[`print ./index.js.flow 1`] = `
"// @flow

declare function forceType(value: any, type: string): void;
export default forceType;"
`;
